[
  {
    "command": "/usr/local/google/home/oka/os2/chroot/usr/bin/armv7a-cros-linux-gnueabihf-clang++ -MMD -MF obj/codelab/codelab.main.o.d -D_LARGEFILE_SOURCE -D_LARGEFILE64_SOURCE -D_FILE_OFFSET_BITS=64 -Igen/include -I/usr/local/google/home/oka/os2/src/platform2 -I<BUILD_DIR>/cherry/usr/include -Wall -Wunused -Wbool-operation -Wfree-nonheap-object -Wint-in-bool-context -Wstring-compare -Wstring-plus-int -Wxor-used-as-pow -Wimplicit-int-float-conversion -Wno-c99-designator -Wno-unused-parameter -Wunreachable-code -Wunreachable-code-return -ggdb3 -fstack-protector-strong -Wformat=2 -fvisibility=internal -Wa,--noexecstack -Wimplicit-fallthrough -Werror --sysroot=<BUILD_DIR>/cherry -fPIE -DUSE_RTTI_FOR_TYPE_TAGS -pthread -Wno-unused-local-typedefs -DBASE_VER=959929 -pthread -I<BUILD_DIR>/cherry/usr/include/chromeos -I<BUILD_DIR>/cherry/usr/include/libusb-1.0 -I<BUILD_DIR>/cherry/usr/include/libchrome -I<BUILD_DIR>/cherry/usr/include/perfetto -I<BUILD_DIR>/cherry/usr/include/glib-2.0 -I<BUILD_DIR>/cherry/usr/lib/glib-2.0/include -I<BUILD_DIR>/cherry/usr/include/nss -I<BUILD_DIR>/cherry/usr/include/nspr -I<BUILD_DIR>/cherry/usr/include/dbus-1.0 -I<BUILD_DIR>/cherry/usr/lib/dbus-1.0/include -std=gnu++17 -D_FILE_OFFSET_BITS=64 -D_LARGEFILE_SOURCE -D_LARGEFILE64_SOURCE -D_FILE_OFFSET_BITS=64 -D_LARGEFILE_SOURCE -D_LARGEFILE64_SOURCE -D_FILE_OFFSET_BITS=64 -D_LARGEFILE_SOURCE -D_LARGEFILE64_SOURCE -D_FILE_OFFSET_BITS=64 -D_LARGEFILE_SOURCE -D_LARGEFILE64_SOURCE -D_FILE_OFFSET_BITS=64 -D_LARGEFILE_SOURCE -D_LARGEFILE64_SOURCE -D_FILE_OFFSET_BITS=64 -D_LARGEFILE_SOURCE -D_LARGEFILE64_SOURCE -D_FILE_OFFSET_BITS=64 -D_LARGEFILE_SOURCE -D_LARGEFILE64_SOURCE -D_FILE_OFFSET_BITS=64 -D_LARGEFILE_SOURCE -D_LARGEFILE64_SOURCE -Os -pipe -march=armv8-a+crc -mfpu=crypto-neon-fp-armv8 -mfloat-abi=hard -g -ffunction-sections -fdata-sections -fno-exceptions -fno-unwind-tables -fno-asynchronous-unwind-tables -c /usr/local/google/home/oka/os2/src/platform2/codelab/main.cc -o obj/codelab/codelab.main.o -stdlib=libc++",
    "directory": "<BUILD_DIR>/cherry/tmp/portage/chromeos-base/codelab-9999/work/build/out/Default",
    "file": "/usr/local/google/home/oka/os2/src/platform2/codelab/main.cc",
    "output": "obj/codelab/codelab.main.o"
  },
  {
    "command": "/usr/local/google/home/oka/os2/chroot/usr/bin/armv7a-cros-linux-gnueabihf-clang++ -MMD -MF obj/codelab/libcodelab.codelab.o.d -D_LARGEFILE_SOURCE -D_LARGEFILE64_SOURCE -D_FILE_OFFSET_BITS=64 -Igen/include -I/usr/local/google/home/oka/os2/src/platform2 -I<BUILD_DIR>/cherry/usr/include -Wall -Wunused -Wbool-operation -Wfree-nonheap-object -Wint-in-bool-context -Wstring-compare -Wstring-plus-int -Wxor-used-as-pow -Wimplicit-int-float-conversion -Wno-c99-designator -Wno-unused-parameter -Wunreachable-code -Wunreachable-code-return -ggdb3 -fstack-protector-strong -Wformat=2 -fvisibility=internal -Wa,--noexecstack -Wimplicit-fallthrough -Werror --sysroot=<BUILD_DIR>/cherry -fPIE -DUSE_RTTI_FOR_TYPE_TAGS -pthread -Wno-unused-local-typedefs -DBASE_VER=959929 -pthread -I<BUILD_DIR>/cherry/usr/include/chromeos -I<BUILD_DIR>/cherry/usr/include/libusb-1.0 -I<BUILD_DIR>/cherry/usr/include/libchrome -I<BUILD_DIR>/cherry/usr/include/perfetto -I<BUILD_DIR>/cherry/usr/include/glib-2.0 -I<BUILD_DIR>/cherry/usr/lib/glib-2.0/include -I<BUILD_DIR>/cherry/usr/include/nss -I<BUILD_DIR>/cherry/usr/include/nspr -I<BUILD_DIR>/cherry/usr/include/dbus-1.0 -I<BUILD_DIR>/cherry/usr/lib/dbus-1.0/include -std=gnu++17 -D_FILE_OFFSET_BITS=64 -D_LARGEFILE_SOURCE -D_LARGEFILE64_SOURCE -D_FILE_OFFSET_BITS=64 -D_LARGEFILE_SOURCE -D_LARGEFILE64_SOURCE -D_FILE_OFFSET_BITS=64 -D_LARGEFILE_SOURCE -D_LARGEFILE64_SOURCE -D_FILE_OFFSET_BITS=64 -D_LARGEFILE_SOURCE -D_LARGEFILE64_SOURCE -D_FILE_OFFSET_BITS=64 -D_LARGEFILE_SOURCE -D_LARGEFILE64_SOURCE -D_FILE_OFFSET_BITS=64 -D_LARGEFILE_SOURCE -D_LARGEFILE64_SOURCE -D_FILE_OFFSET_BITS=64 -D_LARGEFILE_SOURCE -D_LARGEFILE64_SOURCE -D_FILE_OFFSET_BITS=64 -D_LARGEFILE_SOURCE -D_LARGEFILE64_SOURCE -Os -pipe -march=armv8-a+crc -mfpu=crypto-neon-fp-armv8 -mfloat-abi=hard -g -ffunction-sections -fdata-sections -fno-exceptions -fno-unwind-tables -fno-asynchronous-unwind-tables -c /usr/local/google/home/oka/os2/src/platform2/codelab/codelab.cc -o obj/codelab/libcodelab.codelab.o -stdlib=libc++",
    "directory": "<BUILD_DIR>/cherry/tmp/portage/chromeos-base/codelab-9999/work/build/out/Default",
    "file": "/usr/local/google/home/oka/os2/src/platform2/codelab/codelab.cc",
    "output": "obj/codelab/libcodelab.codelab.o"
  }
]